Function: main:[Body: [Variable Declaration: a = [0: u32] with dimensions []; Variable Assignment: a = 3: u32, While Loop (Condition: true):
do Body: [Variable Assignment: a = (a + 1: u32), If: Condition: a == 5: u32 then Body: [Break]], Return: a]]
