Error type A at Line 7: Unknown lexeme |
Error type A at Line 8: Unknown lexeme &
