Error type A at Line 3: Unknown lexeme 0x77G
Error type A at Line 4: Unknown lexeme 0xCS
Error type A at Line 7: Unknown lexeme '\x6u'
Error type A at Line 8: Unknown lexeme '\x910'
