Error type A at Line 4: Unknown lexeme 3_wrong_id
