Functions: Function: test_1_r09:[Body: [Variable Declaration: m = [0: u32] with dimensions []; Variable Assignment: m = 1: u32, Variable Declaration: n = [0: f32] with dimensions []; Variable Assignment: n = 2.2: f32, Variable Declaration: x = [0: u32, 0: u32, 0: u32, 0: u32, 0: u32] with dimensions [5: u32]; Variable Declaration: y = [0: u32, 0: u32, 0: u32, 0: u32, 0: u32, 0: u32, 0: u32, 0: u32, 0: u32, 0: u32] with dimensions [10: u32], Variable Assignment: x[m] = 7: u32, Variable Assignment: y[n] = 8: u32, Return: x[y]]]
