Missing token ";"
Missing token ";"
Missing token "("
Missing token "("
