Functions: Function: test_1_r10:[Body: [Variable Declaration: a = [0: u32] with dimensions []; Variable Declaration: b = [0: u32] with dimensions []; Variable Assignment: b = 1: u32, Variable Assignment: a = 10: u32, Variable Declaration: i = [0: u32] with dimensions []; Variable Assignment: i = 0: u32, While Loop (Condition: i < a):
do Body: [Variable Assignment: b = (b + i), Variable Assignment: i = (i + 1: u32)]]]