[Semantic Error] Invalid Operation Error[12] at line 0: "Array indexing with a non-integer type expression"
[Semantic Error] Type Mismatch Error[23] at line 0: "Dimension Mismatched"