[Semantic Error] Type Mismatch Error[23] at line 0: \"Dimension Mismatched\"\n
[Semantic Error] Type Mismatch Error[23] at line 0: \"Dimension Mismatched\"\n
[Semantic Error] Type Mismatch Error[23] at line 0: \"Dimension Mismatched\"\n
[Semantic Error] Type Mismatch Error[23] at line 0: \"Dimension Mismatched\"\n
[Semantic Error] Type Mismatch Error[23] at line 0: \"Dimension Mismatched\"\n
[Semantic Error] Type Mismatch Error[23] at line 0: \"Dimension Mismatched\"\n
[Semantic Error] Type Mismatch Error[23] at line 0: \"Dimension Mismatched\"