[Semantic Error] Redefinition Error[4] at line 4: "sum" redefined.