[Semantic Error] Invalid Operation Error[14] at line 11: "Field c is not defined in the struct."