[Semantic Error] Invalid Operation Error[13] at line 19: "Accessing a member of a non-structure variable"