[Semantic Error] Invalid Operation Error[7] at line 11: "Unmatched operands, conducting operations between Primitive: type: Int and Primitive: type: Float"
[Semantic Error] Invalid Operation Error[7] at line 12: "Unmatched operands, conducting operations between Primitive: type: Float and Struct: (\"Apple\", [(\"weight\", Primitive(Int)), (\"round\", Primitive(Float))])"