[Semantic Error] Type Mismatch Error[8] at line 19: "The return type of the function should be Int, but get Float"