[Semantic Error] Undefined Reference Error[2] at line 5: "abc" undefined.