[Semantic Error] Undefined Reference Error[2] at line 0: "diff" undefined.
[Semantic Error] Type Mismatch Error[8] at line 0: "A functionâ€™s return value type mismatches the declared type"