[Semantic Error] Type Mismatch Error[9] at line 12: "The number of arguments passed to a function does not match the number of parameters in the function definition. Expected 2 arguments, but got 3"
[Semantic Error] Type Mismatch Error[9] at line 14: "The number of arguments passed to a function does not match the number of parameters in the function definition. Expected 2 arguments, but got 1"
[Semantic Error] Type Mismatch Error[9] at line 15: "The number of arguments passed to a function does not match the number of parameters in the function definition. Expected 2 arguments, but got 0"