[Semantic Error] Invalid Operation Error[5] at line 8: "Assigning a value of type Primitive: type: Float to a variable of type Primitive: type: Int"
[Semantic Error] Invalid Operation Error[5] at line 8: "Assigning a value of type Primitive: type: Int to a variable of type Primitive: type: Float"