[Semantic Error] Undefined Reference Error[2] at line 9: "diff" undefined.
[Semantic Error] Type Mismatch Error[8] at line 10: "The return type of the function should be Int, but get Float"