[Semantic Error] Invalid Operation Error[12] at line 7: "Array indexing with a non-integer type expression"