[Semantic Error] Invalid Operation Error[20] at line 12: "Expected to have 4 indices, but got 5"