[Semantic Error] Invalid Operation Error[7] at line 11: "Unmatched operands, conducting operations between Primitive: type: Int and Primitive: type: Float"
[Semantic Error] Invalid Operation Error[5] at line 12: "Assigning a value of type Primitive: type: Char to a variable of type Primitive: type: Float"