Functions: Function: test_1_r05:[Body: [Variable Declaration: res = [0: u32] with dimensions []; Variable Assignment: res = (0: u32 - 1: u32); Variable Declaration: n = [0: u32] with dimensions []; Variable Assignment: n = 1: u32, If: Condition: b != c then Body: [Variable Assignment: a = 0: u32], While Loop (Condition: n > 0: u32):
do Body: [Variable Assignment: res = (res * n), Variable Assignment: n = (n - 1: u32)], Return: res]]