Error type A at Line 4: Unknown lexeme 3b
Error type B at Line 4: Missing Exp after +
Error type B at Line 4: Missing Exp after *
Error type B at Line 4: Missing Exp after /
